Graph Fork_multiple_one_line
Import Int
Export Float
Activity A com.classes.A:10
Import Int
Export String
Activity B com.classes.B
Import String
Export Int
Activity C com.classes.C:60:1:134
Import Int
Export String
Activity D com.classes.D
Import String
Export Int
Activity E com.classes.E:param1:param2:param3
Import Int
Export String
Activity F com.classes.F
Import String, String
Export Float
Connection A -> (B, D)
Connection B -> C
Connection C -> F
Connection D -> E
Connection E -> F