Name: graph
ImportName: imp1
ExportName: exp2
Id: act1, Name: act1.exe
