Name: graph
Id: act1, Name: act.ex
Id: act2, Name: act.ex
act1:act2