Name: graph
ImportName: imp1
ExportName: exp2
Id: act1, Name: act.ex
Id: act4, Name: act.ex.other.something
Id: act3, Name: act.ex.other.other
Id: act2, Name: act.ex.other
act1:act2,act3
act3:act4
act2:act4