Name: graph
ImportName: imp2
ExportName: exp2
Id: act1, Name: act.ex
