Name: MixString
ImportName: String
ExportName: String
Id: D, Name: JoinStrings, Import: String, Export: String
Id: A, Name: FilterCommas, Import: String, Export: String
Id: C, Name: RemoveLast, Import: String, Export: String
Id: B, Name: RemoveFirst, Import: String, Export: String
A:B,C
C:D
B:D