Name: com.exocute.pipeline.BranchingPipeline
ImportName: com.exocute.element.LindenElement
ExportName: java.lang.String
Id: a, Name: a, Parameters: bla
