Name: com.exocute.pipeline.BranchingPipeline
Id: a, Name: com.batatas
