Graph Type_Args1
Import List[Vector[Int]]
Export List[String]
Activity A com.classes.T
Import List[Vector[Int]]
Export List[String]